
> frontend@0.1.0 build
> next build

Ôû▓ Next.js 16.1.6 (Turbopack)
- Environments: .env

node.exe : ÔÜá The 
"middleware" file 
convention is 
deprecated. Please 
use "proxy" instead. 
Learn more: https://n
extjs.org/docs/messag
es/middleware-to-prox
y
At line:1 char:1
+ & "C:\Program Files
\nodejs/node.exe" 
"C:\Program 
Files\nodejs/node_mo 
...
+ ~~~~~~~~~~~~~~~~~~~
~~~~~~~~~~~~~~~~~~~~~
~~~~~~~~~~~~~~~~~~~~~
~~~~~~~~
    + CategoryInfo   
           : 
NotSpecified: (Ô    
Üá The 
"middle...lewa    
re-to-proxy:String) 
[    ], 
RemoteException
    + 
FullyQualifiedError  
  Id : 
NativeCommandErr    
or
 
  Creating an optimized production build ...
Ô£ô Compiled successfully in 11.2s
  Running TypeScript ...
Failed to compile.

./src/app/chat-dashbo
ard/page.tsx:166:34
Type error: Property 
'id' does not exist 
on type '{ name?: 
string | null | 
undefined; email?: 
string | null | 
undefined; image?: 
string | null | 
undefined; }'.

[0m [90m 164 
|[39m     
[36mconst[39m user 
[33m=[39m useCurren
tUser()[33m;[39m
 [90m 165 |[39m
[31m[1m>[22m[39m
[90m 166 |[39m     
[36mconst[39m 
agentId [33m=[39m 
[33mNumber[39m(user
[33m?[39m[33m.[39m
id [33m||[39m [35m
1[39m)[33m;[39m
 [90m     |[39m    
                     
         
[31m[1m^[22m[39m
 [90m 167 |[39m
 [90m 168 |[39m    
 [36mconst[39m {
 [90m 169 |[39m    
     
queue[33m,[39m[0m
Next.js build worker 
exited with code: 1 
and signal: null
